// Jest Snapshot v1, https://goo.gl/fbAQLP

exports[`<TableHeader /> should match snapshot 1`] = `
ShallowWrapper {
  "length": 1,
  Symbol(enzyme.__root__): [Circular],
  Symbol(enzyme.__unrendered__): <TableHeader>
    <TableHeaderColumn>
      Col
    </TableHeaderColumn>
  </TableHeader>,
  Symbol(enzyme.__renderer__): Object {
    "batchedUpdates": [Function],
    "getNode": [Function],
    "render": [Function],
    "simulateEvent": [Function],
    "unmount": [Function],
  },
  Symbol(enzyme.__node__): Object {
    "instance": null,
    "key": undefined,
    "nodeType": "host",
    "props": Object {
      "children": <TableHeaderColumn>
        Col
      </TableHeaderColumn>,
      "className": undefined,
      "style": Object {
        "gridTemplateColumns": "repeat(1, 1fr)",
      },
    },
    "ref": null,
    "rendered": Object {
      "instance": null,
      "key": undefined,
      "nodeType": "function",
      "props": Object {
        "children": "Col",
      },
      "ref": null,
      "rendered": "Col",
      "type": [Function],
    },
    "type": "div",
  },
  Symbol(enzyme.__nodes__): Array [
    Object {
      "instance": null,
      "key": undefined,
      "nodeType": "host",
      "props": Object {
        "children": <TableHeaderColumn>
          Col
        </TableHeaderColumn>,
        "className": undefined,
        "style": Object {
          "gridTemplateColumns": "repeat(1, 1fr)",
        },
      },
      "ref": null,
      "rendered": Object {
        "instance": null,
        "key": undefined,
        "nodeType": "function",
        "props": Object {
          "children": "Col",
        },
        "ref": null,
        "rendered": "Col",
        "type": [Function],
      },
      "type": "div",
    },
  ],
  Symbol(enzyme.__options__): Object {
    "adapter": ReactFifteenAdapter {
      "options": Object {
        "supportPrevContextArgumentOfComponentDidUpdate": true,
      },
    },
  },
}
`;
