// Jest Snapshot v1, https://goo.gl/fbAQLP

exports[`<NavigationStyledIconMenu /> snapshot tests should match snapshot 1`] = `
ShallowWrapper {
  "length": 1,
  Symbol(enzyme.__root__): [Circular],
  Symbol(enzyme.__unrendered__): <Styled(IconMenu)>
    <StyledMenuItem__StyledMenuItem
      primaryText="primaryText"
    />
  </Styled(IconMenu)>,
  Symbol(enzyme.__renderer__): Object {
    "batchedUpdates": [Function],
    "getNode": [Function],
    "render": [Function],
    "simulateEvent": [Function],
    "unmount": [Function],
  },
  Symbol(enzyme.__node__): Object {
    "instance": null,
    "key": undefined,
    "nodeType": "class",
    "props": Object {
      "anchorOrigin": Object {
        "horizontal": "right",
        "vertical": "top",
      },
      "animated": true,
      "children": <StyledMenuItem__StyledMenuItem
        primaryText="primaryText"
      />,
      "className": "sc-bwzfXH uTxCW",
      "iconButtonElement": <StyledIconButton__StyledIconButton>
        <NavigationMenu />
      </StyledIconButton__StyledIconButton>,
      "multiple": false,
      "onClick": [Function],
      "onItemTouchTap": [Function],
      "onKeyboardFocus": [Function],
      "onMouseDown": [Function],
      "onMouseEnter": [Function],
      "onMouseLeave": [Function],
      "onMouseUp": [Function],
      "onRequestChange": [Function],
      "open": null,
      "targetOrigin": Object {
        "horizontal": "right",
        "vertical": "top",
      },
      "touchTapCloseDelay": 200,
      "useLayerForClickAway": false,
    },
    "ref": null,
    "rendered": Object {
      "instance": null,
      "key": undefined,
      "nodeType": "class",
      "props": Object {
        "primaryText": "primaryText",
      },
      "ref": null,
      "rendered": null,
      "type": [Function],
    },
    "type": [Function],
  },
  Symbol(enzyme.__nodes__): Array [
    Object {
      "instance": null,
      "key": undefined,
      "nodeType": "class",
      "props": Object {
        "anchorOrigin": Object {
          "horizontal": "right",
          "vertical": "top",
        },
        "animated": true,
        "children": <StyledMenuItem__StyledMenuItem
          primaryText="primaryText"
        />,
        "className": "sc-bwzfXH uTxCW",
        "iconButtonElement": <StyledIconButton__StyledIconButton>
          <NavigationMenu />
        </StyledIconButton__StyledIconButton>,
        "multiple": false,
        "onClick": [Function],
        "onItemTouchTap": [Function],
        "onKeyboardFocus": [Function],
        "onMouseDown": [Function],
        "onMouseEnter": [Function],
        "onMouseLeave": [Function],
        "onMouseUp": [Function],
        "onRequestChange": [Function],
        "open": null,
        "targetOrigin": Object {
          "horizontal": "right",
          "vertical": "top",
        },
        "touchTapCloseDelay": 200,
        "useLayerForClickAway": false,
      },
      "ref": null,
      "rendered": Object {
        "instance": null,
        "key": undefined,
        "nodeType": "class",
        "props": Object {
          "primaryText": "primaryText",
        },
        "ref": null,
        "rendered": null,
        "type": [Function],
      },
      "type": [Function],
    },
  ],
  Symbol(enzyme.__options__): Object {
    "adapter": ReactFifteenAdapter {
      "options": Object {
        "supportPrevContextArgumentOfComponentDidUpdate": true,
      },
    },
  },
}
`;
