// Jest Snapshot v1, https://goo.gl/fbAQLP

exports[`<Authentication /> should match snapshot 1`] = `
ShallowWrapper {
  "length": 1,
  Symbol(enzyme.__root__): [Circular],
  Symbol(enzyme.__unrendered__): <Authentication
    auth={
      Object {
        "isAuthenticated": true,
      }
    }
    location="/test-location"
    workspace={
      Object {
        "workflowRole": "Patient",
      }
    }
  />,
  Symbol(enzyme.__renderer__): Object {
    "batchedUpdates": [Function],
    "getNode": [Function],
    "render": [Function],
    "simulateEvent": [Function],
    "unmount": [Function],
  },
  Symbol(enzyme.__node__): Object {
    "instance": null,
    "key": undefined,
    "nodeType": "class",
    "props": Object {
      "push": false,
      "to": Object {
        "pathname": "/ocp-ui/login",
        "state": Object {
          "from": "/test-location",
        },
      },
    },
    "ref": null,
    "rendered": null,
    "type": [Function],
  },
  Symbol(enzyme.__nodes__): Array [
    Object {
      "instance": null,
      "key": undefined,
      "nodeType": "class",
      "props": Object {
        "push": false,
        "to": Object {
          "pathname": "/ocp-ui/login",
          "state": Object {
            "from": "/test-location",
          },
        },
      },
      "ref": null,
      "rendered": null,
      "type": [Function],
    },
  ],
  Symbol(enzyme.__options__): Object {
    "adapter": ReactFifteenAdapter {
      "options": Object {
        "supportPrevContextArgumentOfComponentDidUpdate": true,
      },
    },
  },
}
`;
