// Jest Snapshot v1, https://goo.gl/fbAQLP

exports[`<GoBackButton /> snapshot tests should match snapshot 1`] = `
ShallowWrapper {
  "length": 1,
  Symbol(enzyme.__root__): [Circular],
  Symbol(enzyme.__unrendered__): <GoBackButton
    disabled={false}
    label="goBackButton"
  />,
  Symbol(enzyme.__renderer__): Object {
    "batchedUpdates": [Function],
    "getNode": [Function],
    "render": [Function],
    "simulateEvent": [Function],
    "unmount": [Function],
  },
  Symbol(enzyme.__node__): Object {
    "instance": null,
    "key": undefined,
    "nodeType": "host",
    "props": Object {
      "children": <StyledFlatButton__StyledFlatButton
        default={true}
        disabled={false}
        fullWidth={true}
        label="goBackButton"
        onClick={[Function]}
      />,
    },
    "ref": null,
    "rendered": Object {
      "instance": null,
      "key": undefined,
      "nodeType": "class",
      "props": Object {
        "default": true,
        "disabled": false,
        "fullWidth": true,
        "label": "goBackButton",
        "onClick": [Function],
      },
      "ref": null,
      "rendered": null,
      "type": [Function],
    },
    "type": "div",
  },
  Symbol(enzyme.__nodes__): Array [
    Object {
      "instance": null,
      "key": undefined,
      "nodeType": "host",
      "props": Object {
        "children": <StyledFlatButton__StyledFlatButton
          default={true}
          disabled={false}
          fullWidth={true}
          label="goBackButton"
          onClick={[Function]}
        />,
      },
      "ref": null,
      "rendered": Object {
        "instance": null,
        "key": undefined,
        "nodeType": "class",
        "props": Object {
          "default": true,
          "disabled": false,
          "fullWidth": true,
          "label": "goBackButton",
          "onClick": [Function],
        },
        "ref": null,
        "rendered": null,
        "type": [Function],
      },
      "type": "div",
    },
  ],
  Symbol(enzyme.__options__): Object {
    "adapter": ReactFifteenAdapter {
      "options": Object {
        "supportPrevContextArgumentOfComponentDidUpdate": true,
      },
    },
  },
}
`;
