// Jest Snapshot v1, https://goo.gl/fbAQLP

exports[`<StyledIconButton /> snapshot tests should match snapshot 1`] = `
ShallowWrapper {
  "length": 1,
  Symbol(enzyme.__root__): [Circular],
  Symbol(enzyme.__unrendered__): <StyledIconButton__StyledIconButton>
    <NavigationMenu />
  </StyledIconButton__StyledIconButton>,
  Symbol(enzyme.__renderer__): Object {
    "batchedUpdates": [Function],
    "getNode": [Function],
    "render": [Function],
    "simulateEvent": [Function],
    "unmount": [Function],
  },
  Symbol(enzyme.__node__): Object {
    "instance": null,
    "key": undefined,
    "nodeType": "class",
    "props": Object {
      "children": <NavigationMenu />,
      "className": "StyledIconButton__StyledIconButton-hHQfQP eubEyw",
      "disableTouchRipple": false,
      "disabled": false,
      "iconStyle": Object {
        "height": 26,
        "position": "absolute",
        "right": "0",
        "top": "0",
        "width": "100%",
      },
      "style": Object {
        "position": "relative",
      },
      "tooltipPosition": "bottom-center",
      "touch": false,
    },
    "ref": null,
    "rendered": Object {
      "instance": null,
      "key": undefined,
      "nodeType": "class",
      "props": Object {},
      "ref": null,
      "rendered": null,
      "type": [Function],
    },
    "type": [Function],
  },
  Symbol(enzyme.__nodes__): Array [
    Object {
      "instance": null,
      "key": undefined,
      "nodeType": "class",
      "props": Object {
        "children": <NavigationMenu />,
        "className": "StyledIconButton__StyledIconButton-hHQfQP eubEyw",
        "disableTouchRipple": false,
        "disabled": false,
        "iconStyle": Object {
          "height": 26,
          "position": "absolute",
          "right": "0",
          "top": "0",
          "width": "100%",
        },
        "style": Object {
          "position": "relative",
        },
        "tooltipPosition": "bottom-center",
        "touch": false,
      },
      "ref": null,
      "rendered": Object {
        "instance": null,
        "key": undefined,
        "nodeType": "class",
        "props": Object {},
        "ref": null,
        "rendered": null,
        "type": [Function],
      },
      "type": [Function],
    },
  ],
  Symbol(enzyme.__options__): Object {
    "adapter": ReactFifteenAdapter {
      "options": Object {
        "supportPrevContextArgumentOfComponentDidUpdate": true,
      },
    },
  },
}
`;
